[debug] [2026-03-04T19:50:35.480Z] ----------------------------------------------------------------------
[debug] [2026-03-04T19:50:35.482Z] Command:       C:\Program Files\nodejs\node.exe C:\Program Files\nodejs\node_modules\firebase-tools\lib\bin\firebase.js deploy --only functions:daily
[debug] [2026-03-04T19:50:35.482Z] CLI Version:   15.8.0
[debug] [2026-03-04T19:50:35.482Z] Platform:      win32
[debug] [2026-03-04T19:50:35.482Z] Node Version:  v20.19.5
[debug] [2026-03-04T19:50:35.482Z] Time:          Wed Mar 04 2026 13:50:35 GMT-0600 (Central Standard Time)
[debug] [2026-03-04T19:50:35.482Z] ----------------------------------------------------------------------
[debug] 
[debug] [2026-03-04T19:50:36.723Z] Object "/hosting/rewrites/0" in "firebase.json" is missing required property: {"missingProperty":"destination"}
[debug] [2026-03-04T19:50:36.723Z] Object "/hosting/rewrites/0" in "firebase.json" is missing required property: {"missingProperty":"glob"}
[debug] [2026-03-04T19:50:36.723Z] Object "/hosting/rewrites/0" in "firebase.json" is missing required property: {"missingProperty":"glob"}
[debug] [2026-03-04T19:50:36.723Z] Object "/hosting/rewrites/0" in "firebase.json" is missing required property: {"missingProperty":"glob"}
[debug] [2026-03-04T19:50:36.723Z] Object "/hosting/rewrites/0" in "firebase.json" is missing required property: {"missingProperty":"dynamicLinks"}
[debug] [2026-03-04T19:50:36.723Z] Object "/hosting/rewrites/0" in "firebase.json" is missing required property: {"missingProperty":"destination"}
[debug] [2026-03-04T19:50:36.723Z] Field "/hosting/rewrites/0/function" in "firebase.json" is possibly invalid: must be string
[debug] [2026-03-04T19:50:36.724Z] Object "/hosting/rewrites/0/function" in "firebase.json" has unknown property: {"additionalProperty":"codebase"}
[debug] [2026-03-04T19:50:36.724Z] Object "/hosting/rewrites/0" in "firebase.json" is missing required property: {"missingProperty":"run"}
[debug] [2026-03-04T19:50:36.724Z] Object "/hosting/rewrites/0" in "firebase.json" is missing required property: {"missingProperty":"dynamicLinks"}
[debug] [2026-03-04T19:50:36.724Z] Object "/hosting/rewrites/0" in "firebase.json" is missing required property: {"missingProperty":"destination"}
[debug] [2026-03-04T19:50:36.724Z] Object "/hosting/rewrites/0" in "firebase.json" is missing required property: {"missingProperty":"regex"}
[debug] [2026-03-04T19:50:36.724Z] Object "/hosting/rewrites/0" in "firebase.json" is missing required property: {"missingProperty":"regex"}
[debug] [2026-03-04T19:50:36.724Z] Object "/hosting/rewrites/0" in "firebase.json" is missing required property: {"missingProperty":"regex"}
[debug] [2026-03-04T19:50:36.724Z] Object "/hosting/rewrites/0" in "firebase.json" is missing required property: {"missingProperty":"dynamicLinks"}
[debug] [2026-03-04T19:50:36.724Z] Field "/hosting/rewrites/0" in "firebase.json" is possibly invalid: must match a schema in anyOf
[debug] [2026-03-04T19:50:36.724Z] Field "/hosting" in "firebase.json" is possibly invalid: must be array
[debug] [2026-03-04T19:50:36.724Z] Field "/hosting" in "firebase.json" is possibly invalid: must match a schema in anyOf
[debug] [2026-03-04T19:50:36.728Z] > command requires scopes: ["email","openid","https://www.googleapis.com/auth/cloudplatformprojects.readonly","https://www.googleapis.com/auth/firebase","https://www.googleapis.com/auth/cloud-platform"]
[debug] [2026-03-04T19:50:36.728Z] > authorizing via signed-in user (mullenpaull@gmail.com)
[debug] [2026-03-04T19:50:36.728Z] [iam] checking project alfarero-478ad for permissions ["cloudfunctions.functions.create","cloudfunctions.functions.delete","cloudfunctions.functions.get","cloudfunctions.functions.list","cloudfunctions.functions.update","cloudfunctions.operations.get","firebase.projects.get"]
[debug] [2026-03-04T19:50:36.729Z] Checked if tokens are valid: true, expires at: 1772656772320
[debug] [2026-03-04T19:50:36.730Z] Checked if tokens are valid: true, expires at: 1772656772320
[debug] [2026-03-04T19:50:36.730Z] >>> [apiv2][query] POST https://cloudresourcemanager.googleapis.com/v1/projects/alfarero-478ad:testIamPermissions [none]
[debug] [2026-03-04T19:50:36.730Z] >>> [apiv2][(partial)header] POST https://cloudresourcemanager.googleapis.com/v1/projects/alfarero-478ad:testIamPermissions  x-goog-user-project=alfarero-478ad
[debug] [2026-03-04T19:50:36.730Z] >>> [apiv2][body] POST https://cloudresourcemanager.googleapis.com/v1/projects/alfarero-478ad:testIamPermissions {"permissions":["cloudfunctions.functions.create","cloudfunctions.functions.delete","cloudfunctions.functions.get","cloudfunctions.functions.list","cloudfunctions.functions.update","cloudfunctions.operations.get","firebase.projects.get"]}
[debug] [2026-03-04T19:50:37.032Z] <<< [apiv2][status] POST https://cloudresourcemanager.googleapis.com/v1/projects/alfarero-478ad:testIamPermissions 200
[debug] [2026-03-04T19:50:37.033Z] <<< [apiv2][body] POST https://cloudresourcemanager.googleapis.com/v1/projects/alfarero-478ad:testIamPermissions {"permissions":["cloudfunctions.functions.create","cloudfunctions.functions.delete","cloudfunctions.functions.get","cloudfunctions.functions.list","cloudfunctions.functions.update","cloudfunctions.operations.get","firebase.projects.get"]}
[debug] [2026-03-04T19:50:37.033Z] Checked if tokens are valid: true, expires at: 1772656772320
[debug] [2026-03-04T19:50:37.033Z] Checked if tokens are valid: true, expires at: 1772656772320
[debug] [2026-03-04T19:50:37.033Z] >>> [apiv2][query] POST https://iam.googleapis.com/v1/projects/alfarero-478ad/serviceAccounts/alfarero-478ad@appspot.gserviceaccount.com:testIamPermissions [none]
[debug] [2026-03-04T19:50:37.033Z] >>> [apiv2][body] POST https://iam.googleapis.com/v1/projects/alfarero-478ad/serviceAccounts/alfarero-478ad@appspot.gserviceaccount.com:testIamPermissions {"permissions":["iam.serviceAccounts.actAs"]}
[debug] [2026-03-04T19:50:37.305Z] <<< [apiv2][status] POST https://iam.googleapis.com/v1/projects/alfarero-478ad/serviceAccounts/alfarero-478ad@appspot.gserviceaccount.com:testIamPermissions 200
[debug] [2026-03-04T19:50:37.305Z] <<< [apiv2][body] POST https://iam.googleapis.com/v1/projects/alfarero-478ad/serviceAccounts/alfarero-478ad@appspot.gserviceaccount.com:testIamPermissions {"permissions":["iam.serviceAccounts.actAs"]}
[info] 
[info] === Deploying to 'alfarero-478ad'...
[info] 
[info] i  deploying functions 
[debug] [2026-03-04T19:50:37.309Z] Checked if tokens are valid: true, expires at: 1772656772320
[debug] [2026-03-04T19:50:37.309Z] Checked if tokens are valid: true, expires at: 1772656772320
[debug] [2026-03-04T19:50:37.309Z] >>> [apiv2][query] GET https://cloudresourcemanager.googleapis.com/v1/projects/alfarero-478ad [none]
[debug] [2026-03-04T19:50:37.422Z] <<< [apiv2][status] GET https://cloudresourcemanager.googleapis.com/v1/projects/alfarero-478ad 200
[debug] [2026-03-04T19:50:37.422Z] <<< [apiv2][body] GET https://cloudresourcemanager.googleapis.com/v1/projects/alfarero-478ad {"projectNumber":"479287307088","projectId":"alfarero-478ad","lifecycleState":"ACTIVE","name":"alfarero","labels":{"firebase":"enabled"},"createTime":"2023-05-21T19:20:43.992452Z"}
[info] i  functions: preparing codebase daily for deployment 
[info] i  functions: ensuring required API cloudfunctions.googleapis.com is enabled... 
[info] i  functions: ensuring required API cloudbuild.googleapis.com is enabled... 
[info] i  artifactregistry: ensuring required API artifactregistry.googleapis.com is enabled... 
[debug] [2026-03-04T19:50:37.425Z] Checked if tokens are valid: true, expires at: 1772656772320
[debug] [2026-03-04T19:50:37.425Z] Checked if tokens are valid: true, expires at: 1772656772320
[debug] [2026-03-04T19:50:37.425Z] >>> [apiv2][query] GET https://firebase.googleapis.com/v1beta1/projects/alfarero-478ad/adminSdkConfig [none]
[debug] [2026-03-04T19:50:37.928Z] <<< [apiv2][status] GET https://firebase.googleapis.com/v1beta1/projects/alfarero-478ad/adminSdkConfig 200
[debug] [2026-03-04T19:50:37.928Z] <<< [apiv2][body] GET https://firebase.googleapis.com/v1beta1/projects/alfarero-478ad/adminSdkConfig {"projectId":"alfarero-478ad","databaseURL":"https://alfarero-478ad-default-rtdb.firebaseio.com","storageBucket":"alfarero-478ad.appspot.com","locationId":"us-central"}
[debug] [2026-03-04T19:50:37.929Z] Checked if tokens are valid: true, expires at: 1772656772320
[debug] [2026-03-04T19:50:37.929Z] Checked if tokens are valid: true, expires at: 1772656772320
[debug] [2026-03-04T19:50:37.929Z] >>> [apiv2][query] GET https://runtimeconfig.googleapis.com/v1beta1/projects/alfarero-478ad/configs [none]
[debug] [2026-03-04T19:50:38.298Z] <<< [apiv2][status] GET https://runtimeconfig.googleapis.com/v1beta1/projects/alfarero-478ad/configs 200
[debug] [2026-03-04T19:50:38.298Z] <<< [apiv2][body] GET https://runtimeconfig.googleapis.com/v1beta1/projects/alfarero-478ad/configs {}
